[aplicativospypro.vercel.app/index.html]
[aplicativospypro.vercel.app/_next/static/media/028c0d39d2e8f589-s.p.woff2]
[aplicativospypro.vercel.app/_next/static/media/5b01f339abf2f1a5.p.woff2]
[aplicativospypro.vercel.app/images/design-mode/Captura%20de%20tela%202025-11-16%20001156.png]
[aplicativospypro.vercel.app/images/design-mode/Imagem do WhatsApp de 2025-08-19 à(s) 18.18.59_211b6348.jpg.3.delayed]
[aplicativospypro.vercel.app/images/design-mode/Imagem do WhatsApp de 2025-08-19 à(s) 18.18.59_1202729e.jpg.4.delayed]
[aplicativospypro.vercel.app/_next/static/css/40c3edc23a27fe7c.css]
[aplicativospypro.vercel.app/_next/static/chunks/webpack-44e133b6860a2cda.js]
[aplicativospypro.vercel.app/_next/static/chunks/fd9d1056-cce117dc4e21e608.js]
[aplicativospypro.vercel.app/_next/static/chunks/117-21fd3f4fd58369b8.js]
[aplicativospypro.vercel.app/_next/static/chunks/main-app-b840e258ff6945a0.js]
[aplicativospypro.vercel.app/_next/static/chunks/883-019349fea2744b8a.js]
[backblue.gif]
[fade.gif]
[index.html]
[aplicativospypro.vercel.app/_next/static/chunks/app/page-5addd5e307134dff.js]
[connect.facebook.net/en_US/fbevents.js]
[aplicativospypro.vercel.app/index.html]
[aplicativospypro.vercel.app/images/design-mode/404]
[aplicativospypro.vercel.app/images/design-mode/404-2]
[aplicativospypro.vercel.app/_next/static/css/40c3edc23a27fe7c.css]
[aplicativospypro.vercel.app/_next/static/chunks/polyfills-42372ed130431b0a.js]
[aplicativospypro.vercel.app/t.e.delayed]
[aplicativospypro.vercel.app/e.f.delayed]
[aplicativospypro.vercel.app/t.10.delayed]
[aplicativospypro.vercel.app/o.11.delayed]
[aplicativospypro.vercel.app/signals/iwl.12.delayed]
[aplicativospypro.vercel.app/signals/iwl.130fc5.delayed]
[aplicativospypro.vercel.app/r.14.delayed]
[aplicativospypro.vercel.app/r.15.delayed]
[connect.facebook.net/en_US/fbevents.js]
[aplicativospypro.vercel.app/signals/config.16.delayed]
[aplicativospypro.vercel.app/signals/config/index.html]
[aplicativospypro.vercel.app/404]
[aplicativospypro.vercel.app/404-2]
[aplicativospypro.vercel.app/signals/plugins.17.delayed]
[aplicativospypro.vercel.app/signals/plugins/index.html]
[aplicativospypro.vercel.app/schema.18.delayed]
[aplicativospypro.vercel.app/schema.org/index.html]
[aplicativospypro.vercel.app/404-3]
[aplicativospypro.vercel.app/404-4]
[aplicativospypro.vercel.app/signals/404]
[aplicativospypro.vercel.app/signals/4040fc5]
[aplicativospypro.vercel.app/404-5]
[aplicativospypro.vercel.app/404-6]
[aplicativospypro.vercel.app/signals/404-2]
[aplicativospypro.vercel.app/signals/404-3]
[aplicativospypro.vercel.app/404-7]
